Archive member included to satisfy reference by file (symbol)

c:/st/stm32cubeide_1.1.0/stm32cubeide/plugins/com.st.stm32cube.ide.mcu.externaltools.gnu-tools-for-stm32.7-2018-q2-update.win32_1.0.0.201904181610/tools/bin/../lib/gcc/arm-none-eabi/7.3.1/../../../../arm-none-eabi/lib/thumb/v7-m\libc_nano.a(lib_a-errno.o)
                              Core/Src/syscalls.o (__errno)
c:/st/stm32cubeide_1.1.0/stm32cubeide/plugins/com.st.stm32cube.ide.mcu.externaltools.gnu-tools-for-stm32.7-2018-q2-update.win32_1.0.0.201904181610/tools/bin/../lib/gcc/arm-none-eabi/7.3.1/../../../../arm-none-eabi/lib/thumb/v7-m\libc_nano.a(lib_a-exit.o)
                              c:/st/stm32cubeide_1.1.0/stm32cubeide/plugins/com.st.stm32cube.ide.mcu.externaltools.gnu-tools-for-stm32.7-2018-q2-update.win32_1.0.0.201904181610/tools/bin/../lib/gcc/arm-none-eabi/7.3.1/../../../../arm-none-eabi/lib/thumb/v7-m/crt0.o (exit)
c:/st/stm32cubeide_1.1.0/stm32cubeide/plugins/com.st.stm32cube.ide.mcu.externaltools.gnu-tools-for-stm32.7-2018-q2-update.win32_1.0.0.201904181610/tools/bin/../lib/gcc/arm-none-eabi/7.3.1/../../../../arm-none-eabi/lib/thumb/v7-m\libc_nano.a(lib_a-impure.o)
                              c:/st/stm32cubeide_1.1.0/stm32cubeide/plugins/com.st.stm32cube.ide.mcu.externaltools.gnu-tools-for-stm32.7-2018-q2-update.win32_1.0.0.201904181610/tools/bin/../lib/gcc/arm-none-eabi/7.3.1/../../../../arm-none-eabi/lib/thumb/v7-m\libc_nano.a(lib_a-exit.o) (_global_impure_ptr)
c:/st/stm32cubeide_1.1.0/stm32cubeide/plugins/com.st.stm32cube.ide.mcu.externaltools.gnu-tools-for-stm32.7-2018-q2-update.win32_1.0.0.201904181610/tools/bin/../lib/gcc/arm-none-eabi/7.3.1/../../../../arm-none-eabi/lib/thumb/v7-m\libc_nano.a(lib_a-init.o)
                              c:/st/stm32cubeide_1.1.0/stm32cubeide/plugins/com.st.stm32cube.ide.mcu.externaltools.gnu-tools-for-stm32.7-2018-q2-update.win32_1.0.0.201904181610/tools/bin/../lib/gcc/arm-none-eabi/7.3.1/../../../../arm-none-eabi/lib/thumb/v7-m/crt0.o (__libc_init_array)
c:/st/stm32cubeide_1.1.0/stm32cubeide/plugins/com.st.stm32cube.ide.mcu.externaltools.gnu-tools-for-stm32.7-2018-q2-update.win32_1.0.0.201904181610/tools/bin/../lib/gcc/arm-none-eabi/7.3.1/../../../../arm-none-eabi/lib/thumb/v7-m\libc_nano.a(lib_a-memset.o)
                              c:/st/stm32cubeide_1.1.0/stm32cubeide/plugins/com.st.stm32cube.ide.mcu.externaltools.gnu-tools-for-stm32.7-2018-q2-update.win32_1.0.0.201904181610/tools/bin/../lib/gcc/arm-none-eabi/7.3.1/../../../../arm-none-eabi/lib/thumb/v7-m/crt0.o (memset)
c:/st/stm32cubeide_1.1.0/stm32cubeide/plugins/com.st.stm32cube.ide.mcu.externaltools.gnu-tools-for-stm32.7-2018-q2-update.win32_1.0.0.201904181610/tools/bin/../lib/gcc/arm-none-eabi/7.3.1/../../../../arm-none-eabi/lib/thumb/v7-m\libc_nano.a(lib_a-rand.o)
                              Core/Src/snake.o (rand)
c:/st/stm32cubeide_1.1.0/stm32cubeide/plugins/com.st.stm32cube.ide.mcu.externaltools.gnu-tools-for-stm32.7-2018-q2-update.win32_1.0.0.201904181610/tools/bin/../lib/gcc/arm-none-eabi/7.3.1/../../../../arm-none-eabi/lib/thumb/v7-m\libc_nano.a(lib_a-malloc.o)
                              c:/st/stm32cubeide_1.1.0/stm32cubeide/plugins/com.st.stm32cube.ide.mcu.externaltools.gnu-tools-for-stm32.7-2018-q2-update.win32_1.0.0.201904181610/tools/bin/../lib/gcc/arm-none-eabi/7.3.1/../../../../arm-none-eabi/lib/thumb/v7-m\libc_nano.a(lib_a-rand.o) (malloc)
c:/st/stm32cubeide_1.1.0/stm32cubeide/plugins/com.st.stm32cube.ide.mcu.externaltools.gnu-tools-for-stm32.7-2018-q2-update.win32_1.0.0.201904181610/tools/bin/../lib/gcc/arm-none-eabi/7.3.1/../../../../arm-none-eabi/lib/thumb/v7-m\libc_nano.a(lib_a-nano-freer.o)
                              c:/st/stm32cubeide_1.1.0/stm32cubeide/plugins/com.st.stm32cube.ide.mcu.externaltools.gnu-tools-for-stm32.7-2018-q2-update.win32_1.0.0.201904181610/tools/bin/../lib/gcc/arm-none-eabi/7.3.1/../../../../arm-none-eabi/lib/thumb/v7-m\libc_nano.a(lib_a-malloc.o) (_free_r)
c:/st/stm32cubeide_1.1.0/stm32cubeide/plugins/com.st.stm32cube.ide.mcu.externaltools.gnu-tools-for-stm32.7-2018-q2-update.win32_1.0.0.201904181610/tools/bin/../lib/gcc/arm-none-eabi/7.3.1/../../../../arm-none-eabi/lib/thumb/v7-m\libc_nano.a(lib_a-nano-mallocr.o)
                              c:/st/stm32cubeide_1.1.0/stm32cubeide/plugins/com.st.stm32cube.ide.mcu.externaltools.gnu-tools-for-stm32.7-2018-q2-update.win32_1.0.0.201904181610/tools/bin/../lib/gcc/arm-none-eabi/7.3.1/../../../../arm-none-eabi/lib/thumb/v7-m\libc_nano.a(lib_a-malloc.o) (_malloc_r)
c:/st/stm32cubeide_1.1.0/stm32cubeide/plugins/com.st.stm32cube.ide.mcu.externaltools.gnu-tools-for-stm32.7-2018-q2-update.win32_1.0.0.201904181610/tools/bin/../lib/gcc/arm-none-eabi/7.3.1/../../../../arm-none-eabi/lib/thumb/v7-m\libc_nano.a(lib_a-sbrkr.o)
[...]
Memory Configuration

Name             Origin             Length             Attributes
RAM              0x0000000020000000 0x000000000000c000 xrw
FLASH            0x0000000008000000 0x0000000000040000 xr
*default*        0x0000000000000000 0xffffffffffffffff

Linker script and memory map

LOAD c:/st/stm32cubeide_1.1.0/stm32cubeide/plugins/com.st.stm32cube.ide.mcu.externaltools.gnu-tools-for-stm32.7-2018-q2-update.win32_1.0.0.201904181610/tools/bin/../lib/gcc/arm-none-eabi/7.3.1/thumb/v7-m/crti.o
LOAD c:/st/stm32cubeide_1.1.0/stm32cubeide/plugins/com.st.stm32cube.ide.mcu.externaltools.gnu-tools-for-stm32.7-2018-q2-update.win32_1.0.0.201904181610/tools/bin/../lib/gcc/arm-none-eabi/7.3.1/thumb/v7-m/crtbegin.o
LOAD c:/st/stm32cubeide_1.1.0/stm32cubeide/plugins/com.st.stm32cube.ide.mcu.externaltools.gnu-tools-for-stm32.7-2018-q2-update.win32_1.0.0.201904181610/tools/bin/../lib/gcc/arm-none-eabi/7.3.1/../../../../arm-none-eabi/lib/thumb/v7-m/crt0.o
LOAD Core/Src/gpio.o
LOAD Core/Src/lcd.o
LOAD Core/Src/main.o
LOAD Core/Src/snake.o
LOAD Core/Src/stm32f1xx_hal_msp.o
LOAD Core/Src/stm32f1xx_it.o
LOAD Core/Src/sys.o
LOAD Core/Src/syscalls.o
LOAD Core/Src/sysmem.o
LOAD Core/Src/system_stm32f1xx.o
LOAD Core/Startup/startup_stm32f103rctx.o
LOAD Drivers/STM32F1xx_HAL_Driver/Src/stm32f1xx_hal.o
LOAD Drivers/STM32F1xx_HAL_Driver/Src/stm32f1xx_hal_cortex.o
LOAD Drivers/STM32F1xx_HAL_Driver/Src/stm32f1xx_hal_dma.o
LOAD Drivers/STM32F1xx_HAL_Driver/Src/stm32f1xx_hal_exti.o
LOAD Drivers/STM32F1xx_HAL_Driver/Src/stm32f1xx_hal_flash.o
LOAD Drivers/STM32F1xx_HAL_Driver/Src/stm32f1xx_hal_flash_ex.o
LOAD Drivers/STM32F1xx_HAL_Driver/Src/stm32f1xx_hal_gpio.o
LOAD Drivers/STM32F1xx_HAL_Driver/Src/stm32f1xx_hal_gpio_ex.o
LOAD Drivers/STM32F1xx_HAL_Driver/Src/stm32f1xx_hal_pwr.o
LOAD Drivers/STM32F1xx_HAL_Driver/Src/stm32f1xx_hal_rcc.o
LOAD Drivers/STM32F1xx_HAL_Driver/Src/stm32f1xx_hal_rcc_ex.o
LOAD Drivers/STM32F1xx_HAL_Driver/Src/stm32f1xx_hal_tim.o
LOAD Drivers/STM32F1xx_HAL_Driver/Src/stm32f1xx_hal_tim_ex.o
START GROUP
LOAD c:/st/stm32cubeide_1.1.0/stm32cubeide/plugins/com.st.stm32cube.ide.mcu.externaltools.gnu-tools-for-stm32.7-2018-q2-update.win32_1.0.0.201904181610/tools/bin/../lib/gcc/arm-none-eabi/7.3.1/../../../../arm-none-eabi/lib/thumb/v7-m\libc_nano.a
LOAD c:/st/stm32cubeide_1.1.0/stm32cubeide/plugins/com.st.stm32cube.ide.mcu.externaltools.gnu-tools-for-stm32.7-2018-q2-update.win32_1.0.0.201904181610/tools/bin/../lib/gcc/arm-none-eabi/7.3.1/../../../../arm-none-eabi/lib/thumb/v7-m\libm.a
END GROUP
START GROUP
LOAD c:/st/stm32cubeide_1.1.0/stm32cubeide/plugins/com.st.stm32cube.ide.mcu.externaltools.gnu-tools-for-stm32.7-2018-q2-update.win32_1.0.0.201904181610/tools/bin/../lib/gcc/arm-none-eabi/7.3.1/thumb/v7-m\libgcc.a
LOAD c:/st/stm32cubeide_1.1.0/stm32cubeide/plugins/com.st.stm32cube.ide.mcu.externaltools.gnu-tools-for-stm32.7-2018-q2-update.win32_1.0.0.201904181610/tools/bin/../lib/gcc/arm-none-eabi/7.3.1/../../../../arm-none-eabi/lib/thumb/v7-m\libc_nano.a
END GROUP
START GROUP
LOAD c:/st/stm32cubeide_1.1.0/stm32cubeide/plugins/com.st.stm32cube.ide.mcu.externaltools.gnu-tools-for-stm32.7-2018-q2-update.win32_1.0.0.201904181610/tools/bin/../lib/gcc/arm-none-eabi/7.3.1/thumb/v7-m\libgcc.a
LOAD c:/st/stm32cubeide_1.1.0/stm32cubeide/plugins/com.st.stm32cube.ide.mcu.externaltools.gnu-tools-for-stm32.7-2018-q2-update.win32_1.0.0.201904181610/tools/bin/../lib/gcc/arm-none-eabi/7.3.1/../../../../arm-none-eabi/lib/thumb/v7-m\libc_nano.a
LOAD c:/st/stm32cubeide_1.1.0/stm32cubeide/plugins/com.st.stm32cube.ide.mcu.externaltools.gnu-tools-for-stm32.7-2018-q2-update.win32_1.0.0.201904181610/tools/bin/../lib/gcc/arm-none-eabi/7.3.1/../../../../arm-none-eabi/lib/thumb/v7-m\libnosys.a
END GROUP
START GROUP
LOAD c:/st/stm32cubeide_1.1.0/stm32cubeide/plugins/com.st.stm32cube.ide.mcu.externaltools.gnu-tools-for-stm32.7-2018-q2-update.win32_1.0.0.201904181610/tools/bin/../lib/gcc/arm-none-eabi/7.3.1/thumb/v7-m\libgcc.a
LOAD c:/st/stm32cubeide_1.1.0/stm32cubeide/plugins/com.st.stm32cube.ide.mcu.externaltools.gnu-tools-for-stm32.7-2018-q2-update.win32_1.0.0.201904181610/tools/bin/../lib/gcc/arm-none-eabi/7.3.1/../../../../arm-none-eabi/lib/thumb/v7-m\libc_nano.a
LOAD c:/st/stm32cubeide_1.1.0/stm32cubeide/plugins/com.st.stm32cube.ide.mcu.externaltools.gnu-tools-for-stm32.7-2018-q2-update.win32_1.0.0.201904181610/tools/bin/../lib/gcc/arm-none-eabi/7.3.1/../../../../arm-none-eabi/lib/thumb/v7-m\libnosys.a
END GROUP
LOAD c:/st/stm32cubeide_1.1.0/stm32cubeide/plugins/com.st.stm32cube.ide.mcu.externaltools.gnu-tools-for-stm32.7-2018-q2-update.win32_1.0.0.201904181610/tools/bin/../lib/gcc/arm-none-eabi/7.3.1/thumb/v7-m/crtend.o
LOAD c:/st/stm32cubeide_1.1.0/stm32cubeide/plugins/com.st.stm32cube.ide.mcu.externaltools.gnu-tools-for-stm32.7-2018-q2-update.win32_1.0.0.201904181610/tools/bin/../lib/gcc/arm-none-eabi/7.3.1/thumb/v7-m/crtn.o
                0x000000002000c000                _estack = (ORIGIN (RAM) + LENGTH (RAM))
                0x0000000000000200                _Min_Heap_Size = 0x200
                0x0000000000000400                _Min_Stack_Size = 0x400

.isr_vector     0x0000000008000000      0x1e4
                0x0000000008000000                . = ALIGN (0x4)
 *(.isr_vector)
 .isr_vector    0x0000000008000000      0x1e4 Core/Startup/startup_stm32f103rctx.o
                0x0000000008000000                g_pfnVectors
                0x00000000080001e4                . = ALIGN (0x4)

.text           0x00000000080001e4     0x1374
                0x00000000080001e4                . = ALIGN (0x4)
 *(.text)
 .text          0x00000000080001e4       0x40 c:/st/stm32cubeide_1.1.0/stm32cubeide/plugins/com.st.stm32cube.ide.mcu.externaltools.gnu-tools-for-stm32.7-2018-q2-update.win32_1.0.0.201904181610/tools/bin/../lib/gcc/arm-none-eabi/7.3.1/thumb/v7-m/crtbegin.o
 *(.text*)
 .text.MX_GPIO_Init
                0x0000000008000224      0x144 Core/Src/gpio.o
                0x0000000008000224                MX_GPIO_Init
 .text.HAL_GPIO_EXTI_Callback
                0x0000000008000368       0x98 Core/Src/main.o
                0x0000000008000368                HAL_GPIO_EXTI_Callback
 .text.main     0x0000000008000400       0x2c Core/Src/main.o
                0x0000000008000400                main
 .text.SystemClock_Config
                0x000000000800042c       0x8a Core/Src/main.o
                0x000000000800042c                SystemClock_Config
 .text.Error_Handler
                0x00000000080004b6        0xc Core/Src/main.o
                0x00000000080004b6                Error_Handler
 *fill*         0x00000000080004c2        0x2 
 .text.HAL_MspInit
                0x00000000080004c4       0x64 Core/Src/stm32f1xx_hal_msp.o
                0x00000000080004c4                HAL_MspInit
 .text.NMI_Handler
                0x0000000008000528        0xc Core/Src/stm32f1xx_it.o
                0x0000000008000528                NMI_Handler
 .text.HardFault_Handler
                0x0000000008000534        0x6 Core/Src/stm32f1xx_it.o
                0x0000000008000534                HardFault_Handler
 .text.MemManage_Handler
                0x000000000800053a        0x6 Core/Src/stm32f1xx_it.o
                0x000000000800053a                MemManage_Handler
 .text.BusFault_Handler
                0x0000000008000540        0x6 Core/Src/stm32f1xx_it.o
                0x0000000008000540                BusFault_Handler
 .text.UsageFault_Handler
                0x0000000008000546        0x6 Core/Src/stm32f1xx_it.o
                0x0000000008000546                UsageFault_Handler
 .text.SVC_Handler
                0x000000000800054c        0xc Core/Src/stm32f1xx_it.o
                0x000000000800054c                SVC_Handler
 .text.DebugMon_Handler
                0x0000000008000558        0xc Core/Src/stm32f1xx_it.o
                0x0000000008000558                DebugMon_Handler
 .text.PendSV_Handler
                0x0000000008000564        0xc Core/Src/stm32f1xx_it.o
                0x0000000008000564                PendSV_Handler
 .text.SysTick_Handler
                0x0000000008000570        0xc Core/Src/stm32f1xx_it.o
                0x0000000008000570                SysTick_Handler
 .text.EXTI0_IRQHandler
                0x000000000800057c        0xe Core/Src/stm32f1xx_it.o
                0x000000000800057c                EXTI0_IRQHandler
 .text.EXTI9_5_IRQHandler
                0x000000000800058a        0xe Core/Src/stm32f1xx_it.o
                0x000000000800058a                EXTI9_5_IRQHandler
 .text.EXTI15_10_IRQHandler
                0x0000000008000598       0x10 Core/Src/stm32f1xx_it.o
                0x0000000008000598                EXTI15_10_IRQHandler
 .text.SystemInit
                0x00000000080005a8       0x68 Core/Src/system_stm32f1xx.o
                0x00000000080005a8                SystemInit
 .text.Reset_Handler
                0x0000000008000610       0x48 Core/Startup/startup_stm32f103rctx.o
                0x0000000008000610                Reset_Handler
 .text.Default_Handler
                0x0000000008000658        0x2 Core/Startup/startup_stm32f103rctx.o
                0x0000000008000658                RTC_Alarm_IRQHandler
                0x0000000008000658                EXTI2_IRQHandler
                0x0000000008000658                TIM8_TRG_COM_IRQHandler
                0x0000000008000658                TIM8_CC_IRQHandler
                0x0000000008000658                TIM1_CC_IRQHandler
                0x0000000008000658                TIM6_IRQHandler
                0x0000000008000658                PVD_IRQHandler
                0x0000000008000658                SDIO_IRQHandler
                0x0000000008000658                EXTI3_IRQHandler
                0x0000000008000658                I2C2_EV_IRQHandler
                0x0000000008000658                ADC1_2_IRQHandler
                0x0000000008000658                SPI1_IRQHandler
                0x0000000008000658                TAMPER_IRQHandler
                0x0000000008000658                TIM8_UP_IRQHandler
                0x0000000008000658                DMA2_Channel2_IRQHandler
                0x0000000008000658                DMA1_Channel4_IRQHandler
                0x0000000008000658                USART3_IRQHandler
                0x0000000008000658                RTC_IRQHandler
                0x0000000008000658                DMA1_Channel7_IRQHandler
                0x0000000008000658                CAN1_RX1_IRQHandler
                0x0000000008000658                UART5_IRQHandler
                0x0000000008000658                ADC3_IRQHandler
                0x0000000008000658                TIM4_IRQHandler
                0x0000000008000658                DMA2_Channel1_IRQHandler
                0x0000000008000658                I2C1_EV_IRQHandler
                0x0000000008000658                DMA1_Channel6_IRQHandler
                0x0000000008000658                UART4_IRQHandler
                0x0000000008000658                TIM3_IRQHandler
                0x0000000008000658                RCC_IRQHandler
                0x0000000008000658                TIM1_TRG_COM_IRQHandler
                0x0000000008000658                DMA1_Channel1_IRQHandler
                0x0000000008000658                Default_Handler
                0x0000000008000658                TIM7_IRQHandler
                0x0000000008000658                TIM5_IRQHandler
                0x0000000008000658                SPI2_IRQHandler
                0x0000000008000658                DMA1_Channel5_IRQHandler
                0x0000000008000658                EXTI4_IRQHandler
                0x0000000008000658                USB_LP_CAN1_RX0_IRQHandler
                0x0000000008000658                USB_HP_CAN1_TX_IRQHandler
                0x0000000008000658                DMA1_Channel3_IRQHandler
                0x0000000008000658                FSMC_IRQHandler
                0x0000000008000658                TIM1_UP_IRQHandler
                0x0000000008000658                WWDG_IRQHandler
                0x0000000008000658                TIM2_IRQHandler
                0x0000000008000658                TIM1_BRK_IRQHandler
                0x0000000008000658                EXTI1_IRQHandler
                0x0000000008000658                DMA2_Channel4_5_IRQHandler
                0x0000000008000658                USART2_IRQHandler
                0x0000000008000658                I2C2_ER_IRQHandler
                0x0000000008000658                DMA1_Channel2_IRQHandler
                0x0000000008000658                TIM8_BRK_IRQHandler
                0x0000000008000658                CAN1_SCE_IRQHandler
                0x0000000008000658                FLASH_IRQHandler
                0x0000000008000658                USART1_IRQHandler
                0x0000000008000658                SPI3_IRQHandler
                0x0000000008000658                I2C1_ER_IRQHandler
                0x0000000008000658                USBWakeUp_IRQHandler
                0x0000000008000658                DMA2_Channel3_IRQHandler
 *fill*         0x000000000800065a        0x2 
 .text.HAL_Init
                0x000000000800065c       0x2c Drivers/STM32F1xx_HAL_Driver/Src/stm32f1xx_hal.o
                0x000000000800065c                HAL_Init
 .text.HAL_InitTick
                0x0000000008000688       0x60 Drivers/STM32F1xx_HAL_Driver/Src/stm32f1xx_hal.o
                0x0000000008000688                HAL_InitTick
 .text.HAL_IncTick
                0x00000000080006e8       0x24 Drivers/STM32F1xx_HAL_Driver/Src/stm32f1xx_hal.o
                0x00000000080006e8                HAL_IncTick
 .text.HAL_GetTick
                0x000000000800070c       0x14 Drivers/STM32F1xx_HAL_Driver/Src/stm32f1xx_hal.o
                0x000000000800070c                HAL_GetTick
 .text.HAL_Delay
                0x0000000008000720       0x44 Drivers/STM32F1xx_HAL_Driver/Src/stm32f1xx_hal.o
                0x0000000008000720                HAL_Delay
 .text.__NVIC_SetPriorityGrouping
                0x0000000008000764       0x48 Drivers/STM32F1xx_HAL_Driver/Src/stm32f1xx_hal_cortex.o
 .text.__NVIC_GetPriorityGrouping
                0x00000000080007ac       0x1c Drivers/STM32F1xx_HAL_Driver/Src/stm32f1xx_hal_cortex.o
 .text.__NVIC_EnableIRQ
                0x00000000080007c8       0x38 Drivers/STM32F1xx_HAL_Driver/Src/stm32f1xx_hal_cortex.o
 .text.__NVIC_SetPriority
                0x0000000008000800       0x54 Drivers/STM32F1xx_HAL_Driver/Src/stm32f1xx_hal_cortex.o
 .text.NVIC_EncodePriority
                0x0000000008000854       0x64 Drivers/STM32F1xx_HAL_Driver/Src/stm32f1xx_hal_cortex.o
 .text.SysTick_Config
                0x00000000080008b8       0x44 Drivers/STM32F1xx_HAL_Driver/Src/stm32f1xx_hal_cortex.o
 .text.HAL_NVIC_SetPriorityGrouping
                0x00000000080008fc       0x16 Drivers/STM32F1xx_HAL_Driver/Src/stm32f1xx_hal_cortex.o
                0x00000000080008fc                HAL_NVIC_SetPriorityGrouping
 .text.HAL_NVIC_SetPriority
                0x0000000008000912       0x38 Drivers/STM32F1xx_HAL_Driver/Src/stm32f1xx_hal_cortex.o
                0x0000000008000912                HAL_NVIC_SetPriority
 .text.HAL_NVIC_EnableIRQ
                0x000000000800094a       0x1c Drivers/STM32F1xx_HAL_Driver/Src/stm32f1xx_hal_cortex.o
                0x000000000800094a                HAL_NVIC_EnableIRQ
 .text.HAL_SYSTICK_Config
                0x0000000008000966       0x18 Drivers/STM32F1xx_HAL_Driver/Src/stm32f1xx_hal_cortex.o
                0x0000000008000966                HAL_SYSTICK_Config
 *fill*         0x000000000800097e        0x2 
 .text.HAL_GPIO_Init
                0x0000000008000980      0x2d4 Drivers/STM32F1xx_HAL_Driver/Src/stm32f1xx_hal_gpio.o
                0x0000000008000980                HAL_GPIO_Init
 .text.HAL_GPIO_ReadPin
                0x0000000008000c54       0x2e Drivers/STM32F1xx_HAL_Driver/Src/stm32f1xx_hal_gpio.o
                0x0000000008000c54                HAL_GPIO_ReadPin
 .text.HAL_GPIO_WritePin
                0x0000000008000c82       0x30 Drivers/STM32F1xx_HAL_Driver/Src/stm32f1xx_hal_gpio.o
                0x0000000008000c82                HAL_GPIO_WritePin
 .text.HAL_GPIO_TogglePin
                0x0000000008000cb2       0x30 Drivers/STM32F1xx_HAL_Driver/Src/stm32f1xx_hal_gpio.o
                0x0000000008000cb2                HAL_GPIO_TogglePin
 *fill*         0x0000000008000ce2        0x2 
 .text.HAL_GPIO_EXTI_IRQHandler
                0x0000000008000ce4       0x30 Drivers/STM32F1xx_HAL_Driver/Src/stm32f1xx_hal_gpio.o
                0x0000000008000ce4                HAL_GPIO_EXTI_IRQHandler
 .text.HAL_RCC_OscConfig
                0x0000000008000d14      0x500 Drivers/STM32F1xx_HAL_Driver/Src/stm32f1xx_hal_rcc.o
                0x0000000008000d14                HAL_RCC_OscConfig
 .text.HAL_RCC_ClockConfig
                0x0000000008001214      0x1d4 Drivers/STM32F1xx_HAL_Driver/Src/stm32f1xx_hal_rcc.o
                0x0000000008001214                HAL_RCC_ClockConfig
 .text.HAL_RCC_GetSysClockFreq
                0x00000000080013e8       0xc4 Drivers/STM32F1xx_HAL_Driver/Src/stm32f1xx_hal_rcc.o
                0x00000000080013e8                HAL_RCC_GetSysClockFreq
 .text.RCC_Delay
                0x00000000080014ac       0x3c Drivers/STM32F1xx_HAL_Driver/Src/stm32f1xx_hal_rcc.o
 .text.__libc_init_array
                0x00000000080014e8       0x48 c:/st/stm32cubeide_1.1.0/stm32cubeide/plugins/com.st.stm32cube.ide.mcu.externaltools.gnu-tools-for-stm32.7-2018-q2-update.win32_1.0.0.201904181610/tools/bin/../lib/gcc/arm-none-eabi/7.3.1/../../../../arm-none-eabi/lib/thumb/v7-m\libc_nano.a(lib_a-init.o)
                0x00000000080014e8                __libc_init_array
 .text.memset   0x0000000008001530       0x10 c:/st/stm32cubeide_1.1.0/stm32cubeide/plugins/com.st.stm32cube.ide.mcu.externaltools.gnu-tools-for-stm32.7-2018-q2-update.win32_1.0.0.201904181610/tools/bin/../lib/gcc/arm-none-eabi/7.3.1/../../../../arm-none-eabi/lib/thumb/v7-m\libc_nano.a(lib_a-memset.o)
                0x0000000008001530                memset
 *(.glue_7)
 .glue_7        0x0000000008001540        0x0 linker stubs
 *(.glue_7t)
 .glue_7t       0x0000000008001540        0x0 linker stubs
 *(.eh_frame)
 .eh_frame      0x0000000008001540        0x0 c:/st/stm32cubeide_1.1.0/stm32cubeide/plugins/com.st.stm32cube.ide.mcu.externaltools.gnu-tools-for-stm32.7-2018-q2-update.win32_1.0.0.201904181610/tools/bin/../lib/gcc/arm-none-eabi/7.3.1/thumb/v7-m/crtbegin.o
 *(.init)
 .init          0x0000000008001540        0x4 c:/st/stm32cubeide_1.1.0/stm32cubeide/plugins/com.st.stm32cube.ide.mcu.externaltools.gnu-tools-for-stm32.7-2018-q2-update.win32_1.0.0.201904181610/tools/bin/../lib/gcc/arm-none-eabi/7.3.1/thumb/v7-m/crti.o
                0x0000000008001540                _init
 .init          0x0000000008001544        0x8 c:/st/stm32cubeide_1.1.0/stm32cubeide/plugins/com.st.stm32cube.ide.mcu.externaltools.gnu-tools-for-stm32.7-2018-q2-update.win32_1.0.0.201904181610/tools/bin/../lib/gcc/arm-none-eabi/7.3.1/thumb/v7-m/crtn.o
 *(.fini)
 .fini          0x000000000800154c        0x4 c:/st/stm32cubeide_1.1.0/stm32cubeide/plugins/com.st.stm32cube.ide.mcu.externaltools.gnu-tools-for-stm32.7-2018-q2-update.win32_1.0.0.201904181610/tools/bin/../lib/gcc/arm-none-eabi/7.3.1/thumb/v7-m/crti.o
                0x000000000800154c                _fini
 .fini          0x0000000008001550        0x8 c:/st/stm32cubeide_1.1.0/stm32cubeide/plugins/com.st.stm32cube.ide.mcu.externaltools.gnu-tools-for-stm32.7-2018-q2-update.win32_1.0.0.201904181610/tools/bin/../lib/gcc/arm-none-eabi/7.3.1/thumb/v7-m/crtn.o
                0x0000000008001558                . = ALIGN (0x4)
                0x0000000008001558                _etext = .

.vfp11_veneer   0x0000000008001558        0x0
 .vfp11_veneer  0x0000000008001558        0x0 linker stubs

.v4_bx          0x0000000008001558        0x0
 .v4_bx         0x0000000008001558        0x0 linker stubs

.iplt           0x0000000008001558        0x0
 .iplt          0x0000000008001558        0x0 c:/st/stm32cubeide_1.1.0/stm32cubeide/plugins/com.st.stm32cube.ide.mcu.externaltools.gnu-tools-for-stm32.7-2018-q2-update.win32_1.0.0.201904181610/tools/bin/../lib/gcc/arm-none-eabi/7.3.1/thumb/v7-m/crtbegin.o

.rodata         0x0000000008001558       0x24
                0x0000000008001558                . = ALIGN (0x4)
 *(.rodata)
 .rodata        0x0000000008001558       0x12 Drivers/STM32F1xx_HAL_Driver/Src/stm32f1xx_hal_rcc.o
 *(.rodata*)
 *fill*         0x000000000800156a        0x2 
 .rodata.AHBPrescTable
                0x000000000800156c       0x10 Core/Src/system_stm32f1xx.o
                0x000000000800156c                AHBPrescTable
                0x000000000800157c                . = ALIGN (0x4)

.rel.dyn        0x000000000800157c        0x0
 .rel.iplt      0x000000000800157c        0x0 c:/st/stm32cubeide_1.1.0/stm32cubeide/plugins/com.st.stm32cube.ide.mcu.externaltools.gnu-tools-for-stm32.7-2018-q2-update.win32_1.0.0.201904181610/tools/bin/../lib/gcc/arm-none-eabi/7.3.1/thumb/v7-m/crtbegin.o

.ARM.extab      0x000000000800157c        0x0
                0x000000000800157c                . = ALIGN (0x4)
 *(.ARM.extab* .gnu.linkonce.armextab.*)
                0x000000000800157c                . = ALIGN (0x4)

.ARM            0x000000000800157c        0x0
                0x000000000800157c                . = ALIGN (0x4)
                0x000000000800157c                __exidx_start = .
 *(.ARM.exidx*)
                0x000000000800157c                __exidx_end = .
                0x000000000800157c                . = ALIGN (0x4)

.preinit_array  0x000000000800157c        0x0
                0x000000000800157c                . = ALIGN (0x4)
                0x000000000800157c                PROVIDE (__preinit_array_start = .)
 *(.preinit_array*)
                0x000000000800157c                PROVIDE (__preinit_array_end = .)
                0x000000000800157c                . = ALIGN (0x4)

.init_array     0x000000000800157c        0x4
                0x000000000800157c                . = ALIGN (0x4)
                0x000000000800157c                PROVIDE (__init_array_start = .)
 *(SORT_BY_NAME(.init_array.*))
 *(.init_array*)
 .init_array    0x000000000800157c        0x4 c:/st/stm32cubeide_1.1.0/stm32cubeide/plugins/com.st.stm32cube.ide.mcu.externaltools.gnu-tools-for-stm32.7-2018-q2-update.win32_1.0.0.201904181610/tools/bin/../lib/gcc/arm-none-eabi/7.3.1/thumb/v7-m/crtbegin.o
                0x0000000008001580                PROVIDE (__init_array_end = .)
                0x0000000008001580                . = ALIGN (0x4)

.fini_array     0x0000000008001580        0x4
                0x0000000008001580                . = ALIGN (0x4)
                [!provide]                        PROVIDE (__fini_array_start = .)
 *(SORT_BY_NAME(.fini_array.*))
 *(.fini_array*)
 .fini_array    0x0000000008001580        0x4 c:/st/stm32cubeide_1.1.0/stm32cubeide/plugins/com.st.stm32cube.ide.mcu.externaltools.gnu-tools-for-stm32.7-2018-q2-update.win32_1.0.0.201904181610/tools/bin/../lib/gcc/arm-none-eabi/7.3.1/thumb/v7-m/crtbegin.o
                [!provide]                        PROVIDE (__fini_array_end = .)
                0x0000000008001584                . = ALIGN (0x4)
                0x0000000008001584                _sidata = LOADADDR (.data)

.data           0x0000000020000000        0xc load address 0x0000000008001584
                0x0000000020000000                . = ALIGN (0x4)
                0x0000000020000000                _sdata = .
 *(.data)
 *(.data*)
 .data.SystemCoreClock
                0x0000000020000000        0x4 Core/Src/system_stm32f1xx.o
                0x0000000020000000                SystemCoreClock
 .data.uwTickPrio
                0x0000000020000004        0x4 Drivers/STM32F1xx_HAL_Driver/Src/stm32f1xx_hal.o
                0x0000000020000004                uwTickPrio
 .data.uwTickFreq
                0x0000000020000008        0x1 Drivers/STM32F1xx_HAL_Driver/Src/stm32f1xx_hal.o
                0x0000000020000008                uwTickFreq
                0x000000002000000c                . = ALIGN (0x4)
 *fill*         0x0000000020000009        0x3 
                0x000000002000000c                _edata = .

.igot.plt       0x000000002000000c        0x0 load address 0x0000000008001590
 .igot.plt      0x000000002000000c        0x0 c:/st/stm32cubeide_1.1.0/stm32cubeide/plugins/com.st.stm32cube.ide.mcu.externaltools.gnu-tools-for-stm32.7-2018-q2-update.win32_1.0.0.201904181610/tools/bin/../lib/gcc/arm-none-eabi/7.3.1/thumb/v7-m/crtbegin.o
                0x000000002000000c                . = ALIGN (0x4)

.bss            0x000000002000000c       0x20 load address 0x0000000008001590
                0x000000002000000c                _sbss = .
                0x000000002000000c                __bss_start__ = _sbss
 *(.bss)
 .bss           0x000000002000000c       0x1c c:/st/stm32cubeide_1.1.0/stm32cubeide/plugins/com.st.stm32cube.ide.mcu.externaltools.gnu-tools-for-stm32.7-2018-q2-update.win32_1.0.0.201904181610/tools/bin/../lib/gcc/arm-none-eabi/7.3.1/thumb/v7-m/crtbegin.o
 *(.bss*)
 *(COMMON)
 COMMON         0x0000000020000028        0x4 Drivers/STM32F1xx_HAL_Driver/Src/stm32f1xx_hal.o
                0x0000000020000028                uwTick
                0x000000002000002c                . = ALIGN (0x4)
                0x000000002000002c                _ebss = .
                0x000000002000002c                __bss_end__ = _ebss

._user_heap_stack
                0x000000002000002c      0x604 load address 0x0000000008001590
                0x0000000020000030                . = ALIGN (0x8)
 *fill*         0x000000002000002c        0x4 
                0x0000000020000030                PROVIDE (end = .)
                [!provide]                        PROVIDE (_end = .)
                0x0000000020000230                . = (. + _Min_Heap_Size)
 *fill*         0x0000000020000030      0x200 
                0x0000000020000630                . = (. + _Min_Stack_Size)
 *fill*         0x0000000020000230      0x400 
                0x0000000020000630                . = ALIGN (0x8)

/DISCARD/
 libc.a(*)
 libm.a(*)
 libgcc.a(*)

.ARM.attributes
                0x0000000000000000       0x29
 *(.ARM.attributes)
 .ARM.attributes
                0x0000000000000000       0x1d c:/st/stm32cubeide_1.1.0/stm32cubeide/plugins/com.st.stm32cube.ide.mcu.externaltools.gnu-tools-for-stm32.7-2018-q2-update.win32_1.0.0.201904181610/tools/bin/../lib/gcc/arm-none-eabi/7.3.1/thumb/v7-m/crti.o
 .ARM.attributes
                0x000000000000001d       0x2d c:/st/stm32cubeide_1.1.0/stm32cubeide/plugins/com.st.stm32cube.ide.mcu.externaltools.gnu-tools-for-stm32.7-2018-q2-update.win32_1.0.0.201904181610/tools/bin/../lib/gcc/arm-none-eabi/7.3.1/thumb/v7-m/crtbegin.o
 .ARM.attributes
                0x000000000000004a       0x33 Core/Src/gpio.o
 .ARM.attributes
                0x000000000000007d       0x33 Core/Src/main.o
 .ARM.attributes
                0x00000000000000b0       0x33 Core/Src/stm32f1xx_hal_msp.o
 .ARM.attributes
                0x00000000000000e3       0x33 Core/Src/stm32f1xx_it.o
 .ARM.attributes
                0x0000000000000116       0x33 Core/Src/system_stm32f1xx.o
 .ARM.attributes
                0x0000000000000149       0x21 Core/Startup/startup_stm32f103rctx.o
 .ARM.attributes
                0x000000000000016a       0x33 Drivers/STM32F1xx_HAL_Driver/Src/stm32f1xx_hal.o
 .ARM.attributes
                0x000000000000019d       0x33 Drivers/STM32F1xx_HAL_Driver/Src/stm32f1xx_hal_cortex.o
 .ARM.attributes
                0x00000000000001d0       0x33 Drivers/STM32F1xx_HAL_Driver/Src/stm32f1xx_hal_gpio.o
 .ARM.attributes
                0x0000000000000203       0x33 Drivers/STM32F1xx_HAL_Driver/Src/stm32f1xx_hal_rcc.o
 .ARM.attributes
                0x0000000000000236       0x2d c:/st/stm32cubeide_1.1.0/stm32cubeide/plugins/com.st.stm32cube.ide.mcu.externaltools.gnu-tools-for-stm32.7-2018-q2-update.win32_1.0.0.201904181610/tools/bin/../lib/gcc/arm-none-eabi/7.3.1/../../../../arm-none-eabi/lib/thumb/v7-m\libc_nano.a(lib_a-init.o)
 .ARM.attributes
                0x0000000000000263       0x2d c:/st/stm32cubeide_1.1.0/stm32cubeide/plugins/com.st.stm32cube.ide.mcu.externaltools.gnu-tools-for-stm32.7-2018-q2-update.win32_1.0.0.201904181610/tools/bin/../lib/gcc/arm-none-eabi/7.3.1/../../../../arm-none-eabi/lib/thumb/v7-m\libc_nano.a(lib_a-memset.o)
 .ARM.attributes
                0x0000000000000290       0x1d c:/st/stm32cubeide_1.1.0/stm32cubeide/plugins/com.st.stm32cube.ide.mcu.externaltools.gnu-tools-for-stm32.7-2018-q2-update.win32_1.0.0.201904181610/tools/bin/../lib/gcc/arm-none-eabi/7.3.1/thumb/v7-m/crtn.o
OUTPUT(lab13.elf elf32-littlearm)

.debug_info     0x0000000000000000     0x3c4a
 .debug_info    0x0000000000000000      0x4fe Core/Src/gpio.o
 .debug_info    0x00000000000004fe      0xc54 Core/Src/main.o
 .debug_info    0x0000000000001152      0x2cb Core/Src/stm32f1xx_hal_msp.o
 .debug_info    0x000000000000141d      0x243 Core/Src/stm32f1xx_it.o
 .debug_info    0x0000000000001660      0x433 Core/Src/system_stm32f1xx.o
 .debug_info    0x0000000000001a93       0x22 Core/Startup/startup_stm32f103rctx.o
 .debug_info    0x0000000000001ab5      0x764 Drivers/STM32F1xx_HAL_Driver/Src/stm32f1xx_hal.o
 .debug_info    0x0000000000002219      0xbac Drivers/STM32F1xx_HAL_Driver/Src/stm32f1xx_hal_cortex.o
 .debug_info    0x0000000000002dc5      0x681 Drivers/STM32F1xx_HAL_Driver/Src/stm32f1xx_hal_gpio.o
 .debug_info    0x0000000000003446      0x804 Drivers/STM32F1xx_HAL_Driver/Src/stm32f1xx_hal_rcc.o

.debug_abbrev   0x0000000000000000      0xf0e
 .debug_abbrev  0x0000000000000000      0x13d Core/Src/gpio.o
 .debug_abbrev  0x000000000000013d      0x20c Core/Src/main.o
 .debug_abbrev  0x0000000000000349      0x109 Core/Src/stm32f1xx_hal_msp.o
 .debug_abbrev  0x0000000000000452       0xc6 Core/Src/stm32f1xx_it.o
 .debug_abbrev  0x0000000000000518      0x134 Core/Src/system_stm32f1xx.o
 .debug_abbrev  0x000000000000064c       0x12 Core/Startup/startup_stm32f103rctx.o
 .debug_abbrev  0x000000000000065e      0x1d8 Drivers/STM32F1xx_HAL_Driver/Src/stm32f1xx_hal.o
 .debug_abbrev  0x0000000000000836      0x2d5 Drivers/STM32F1xx_HAL_Driver/Src/stm32f1xx_hal_cortex.o
 .debug_abbrev  0x0000000000000b0b      0x1c0 Drivers/STM32F1xx_HAL_Driver/Src/stm32f1xx_hal_gpio.o
 .debug_abbrev  0x0000000000000ccb      0x243 Drivers/STM32F1xx_HAL_Driver/Src/stm32f1xx_hal_rcc.o

.debug_aranges  0x0000000000000000      0x408
 .debug_aranges
                0x0000000000000000       0x20 Core/Src/gpio.o
 .debug_aranges
                0x0000000000000020       0x38 Core/Src/main.o
 .debug_aranges
                0x0000000000000058       0x20 Core/Src/stm32f1xx_hal_msp.o
 .debug_aranges
                0x0000000000000078       0x78 Core/Src/stm32f1xx_it.o
 .debug_aranges
                0x00000000000000f0       0x28 Core/Src/system_stm32f1xx.o
 .debug_aranges
                0x0000000000000118       0x28 Core/Startup/startup_stm32f103rctx.o
 .debug_aranges
                0x0000000000000140       0xe0 Drivers/STM32F1xx_HAL_Driver/Src/stm32f1xx_hal.o
 .debug_aranges
                0x0000000000000220      0x100 Drivers/STM32F1xx_HAL_Driver/Src/stm32f1xx_hal_cortex.o
 .debug_aranges
                0x0000000000000320       0x58 Drivers/STM32F1xx_HAL_Driver/Src/stm32f1xx_hal_gpio.o
 .debug_aranges
                0x0000000000000378       0x90 Drivers/STM32F1xx_HAL_Driver/Src/stm32f1xx_hal_rcc.o

.debug_ranges   0x0000000000000000      0x370
 .debug_ranges  0x0000000000000000       0x10 Core/Src/gpio.o
 .debug_ranges  0x0000000000000010       0x28 Core/Src/main.o
 .debug_ranges  0x0000000000000038       0x10 Core/Src/stm32f1xx_hal_msp.o
 .debug_ranges  0x0000000000000048       0x68 Core/Src/stm32f1xx_it.o
 .debug_ranges  0x00000000000000b0       0x18 Core/Src/system_stm32f1xx.o
 .debug_ranges  0x00000000000000c8       0x20 Core/Startup/startup_stm32f103rctx.o
 .debug_ranges  0x00000000000000e8       0xd0 Drivers/STM32F1xx_HAL_Driver/Src/stm32f1xx_hal.o
 .debug_ranges  0x00000000000001b8       0xf0 Drivers/STM32F1xx_HAL_Driver/Src/stm32f1xx_hal_cortex.o
 .debug_ranges  0x00000000000002a8       0x48 Drivers/STM32F1xx_HAL_Driver/Src/stm32f1xx_hal_gpio.o
 .debug_ranges  0x00000000000002f0       0x80 Drivers/STM32F1xx_HAL_Driver/Src/stm32f1xx_hal_rcc.o

.debug_macro    0x0000000000000000    0x14b38
 .debug_macro   0x0000000000000000      0x194 Core/Src/gpio.o
 .debug_macro   0x0000000000000194      0xa5a Core/Src/gpio.o
 .debug_macro   0x0000000000000bee      0x20f Core/Src/gpio.o
 .debug_macro   0x0000000000000dfd       0x2e Core/Src/gpio.o
 .debug_macro   0x0000000000000e2b       0x22 Core/Src/gpio.o
 .debug_macro   0x0000000000000e4d       0x22 Core/Src/gpio.o
 .debug_macro   0x0000000000000e6f       0x8e Core/Src/gpio.o
 .debug_macro   0x0000000000000efd       0x51 Core/Src/gpio.o
 .debug_macro   0x0000000000000f4e       0xef Core/Src/gpio.o
 .debug_macro   0x000000000000103d       0x6a Core/Src/gpio.o
 .debug_macro   0x00000000000010a7      0x1df Core/Src/gpio.o
 .debug_macro   0x0000000000001286       0x1c Core/Src/gpio.o
 .debug_macro   0x00000000000012a2       0x22 Core/Src/gpio.o
 .debug_macro   0x00000000000012c4       0xc3 Core/Src/gpio.o
 .debug_macro   0x0000000000001387      0xd23 Core/Src/gpio.o
 .debug_macro   0x00000000000020aa     0xfd8c Core/Src/gpio.o
 .debug_macro   0x0000000000011e36       0x43 Core/Src/gpio.o
 .debug_macro   0x0000000000011e79      0x174 Core/Src/gpio.o
 .debug_macro   0x0000000000011fed       0x5a Core/Src/gpio.o
 .debug_macro   0x0000000000012047      0x5be Core/Src/gpio.o
 .debug_macro   0x0000000000012605      0x4d5 Core/Src/gpio.o
 .debug_macro   0x0000000000012ada      0x1cb Core/Src/gpio.o
 .debug_macro   0x0000000000012ca5      0x114 Core/Src/gpio.o
 .debug_macro   0x0000000000012db9      0x1ea Core/Src/gpio.o
 .debug_macro   0x0000000000012fa3       0x27 Core/Src/gpio.o
 .debug_macro   0x0000000000012fca      0x144 Core/Src/gpio.o
 .debug_macro   0x000000000001310e      0x1bc Core/Src/gpio.o
 .debug_macro   0x00000000000132ca       0x30 Core/Src/gpio.o
 .debug_macro   0x00000000000132fa       0x3c Core/Src/gpio.o
 .debug_macro   0x0000000000013336       0x57 Core/Src/gpio.o
 .debug_macro   0x000000000001338d       0x88 Core/Src/gpio.o
 .debug_macro   0x0000000000013415      0x24f Core/Src/gpio.o
 .debug_macro   0x0000000000013664      0x141 Core/Src/gpio.o
 .debug_macro   0x00000000000137a5       0xb5 Core/Src/gpio.o
 .debug_macro   0x000000000001385a       0x52 Core/Src/gpio.o
 .debug_macro   0x00000000000138ac      0x365 Core/Src/main.o
 .debug_macro   0x0000000000013c11       0x16 Core/Src/main.o
 .debug_macro   0x0000000000013c27       0x20 Core/Src/main.o
 .debug_macro   0x0000000000013c47       0x1c Core/Src/main.o
 .debug_macro   0x0000000000013c63       0x10 Core/Src/main.o
 .debug_macro   0x0000000000013c73       0x10 Core/Src/main.o
 .debug_macro   0x0000000000013c83       0x1c Core/Src/main.o
 .debug_macro   0x0000000000013c9f       0x52 Core/Src/main.o
 .debug_macro   0x0000000000013cf1       0x40 Core/Src/main.o
 .debug_macro   0x0000000000013d31       0x10 Core/Src/main.o
 .debug_macro   0x0000000000013d41       0x40 Core/Src/main.o
 .debug_macro   0x0000000000013d81       0xd7 Core/Src/main.o
 .debug_macro   0x0000000000013e58       0x1c Core/Src/main.o
 .debug_macro   0x0000000000013e74       0x3d Core/Src/main.o
 .debug_macro   0x0000000000013eb1       0x16 Core/Src/main.o
 .debug_macro   0x0000000000013ec7      0x145 Core/Src/main.o
 .debug_macro   0x000000000001400c      0x18a Core/Src/stm32f1xx_hal_msp.o
 .debug_macro   0x0000000000014196      0x194 Core/Src/stm32f1xx_it.o
 .debug_macro   0x000000000001432a      0x181 Core/Src/system_stm32f1xx.o
 .debug_macro   0x00000000000144ab      0x19f Drivers/STM32F1xx_HAL_Driver/Src/stm32f1xx_hal.o
 .debug_macro   0x000000000001464a      0x17b Drivers/STM32F1xx_HAL_Driver/Src/stm32f1xx_hal_cortex.o
 .debug_macro   0x00000000000147c5      0x1e6 Drivers/STM32F1xx_HAL_Driver/Src/stm32f1xx_hal_gpio.o
 .debug_macro   0x00000000000149ab      0x18d Drivers/STM32F1xx_HAL_Driver/Src/stm32f1xx_hal_rcc.o

.debug_line     0x0000000000000000     0x42c9
 .debug_line    0x0000000000000000      0x609 Core/Src/gpio.o
 .debug_line    0x0000000000000609      0x88e Core/Src/main.o
 .debug_line    0x0000000000000e97      0x5ee Core/Src/stm32f1xx_hal_msp.o
 .debug_line    0x0000000000001485      0x6c7 Core/Src/stm32f1xx_it.o
 .debug_line    0x0000000000001b4c      0x61e Core/Src/system_stm32f1xx.o
 .debug_line    0x000000000000216a       0x84 Core/Startup/startup_stm32f103rctx.o
 .debug_line    0x00000000000021ee      0x7c6 Drivers/STM32F1xx_HAL_Driver/Src/stm32f1xx_hal.o
 .debug_line    0x00000000000029b4      0x89f Drivers/STM32F1xx_HAL_Driver/Src/stm32f1xx_hal_cortex.o
 .debug_line    0x0000000000003253      0x7ee Drivers/STM32F1xx_HAL_Driver/Src/stm32f1xx_hal_gpio.o
 .debug_line    0x0000000000003a41      0x888 Drivers/STM32F1xx_HAL_Driver/Src/stm32f1xx_hal_rcc.o

.debug_str      0x0000000000000000    0x76869
 .debug_str     0x0000000000000000    0x710c5 Core/Src/gpio.o
                                      0x71529 (size before relaxing)
 .debug_str     0x00000000000710c5     0x4968 Core/Src/main.o
                                      0x75aad (size before relaxing)
 .debug_str     0x0000000000075a2d       0x5a Core/Src/stm32f1xx_hal_msp.o
                                      0x71128 (size before relaxing)
 .debug_str     0x0000000000075a87       0xf6 Core/Src/stm32f1xx_it.o
                                      0x71192 (size before relaxing)
 .debug_str     0x0000000000075b7d       0xc2 Core/Src/system_stm32f1xx.o
                                      0x71067 (size before relaxing)
 .debug_str     0x0000000000075c3f       0x36 Core/Startup/startup_stm32f103rctx.o
                                         0x6e (size before relaxing)
 .debug_str     0x0000000000075c75      0x3c5 Drivers/STM32F1xx_HAL_Driver/Src/stm32f1xx_hal.o
                                      0x7175c (size before relaxing)
 .debug_str     0x000000000007603a      0x2c8 Drivers/STM32F1xx_HAL_Driver/Src/stm32f1xx_hal_cortex.o
                                      0x7176a (size before relaxing)
 .debug_str     0x0000000000076302      0x304 Drivers/STM32F1xx_HAL_Driver/Src/stm32f1xx_hal_gpio.o
                                      0x713b1 (size before relaxing)
 .debug_str     0x0000000000076606      0x263 Drivers/STM32F1xx_HAL_Driver/Src/stm32f1xx_hal_rcc.o
                                      0x713ea (size before relaxing)

.comment        0x0000000000000000       0x7b
 .comment       0x0000000000000000       0x7b Core/Src/gpio.o
                                         0x7c (size before relaxing)
 .comment       0x000000000000007b       0x7c Core/Src/main.o
 .comment       0x000000000000007b       0x7c Core/Src/stm32f1xx_hal_msp.o
 .comment       0x000000000000007b       0x7c Core/Src/stm32f1xx_it.o
 .comment       0x000000000000007b       0x7c Core/Src/system_stm32f1xx.o
 .comment       0x000000000000007b       0x7c Drivers/STM32F1xx_HAL_Driver/Src/stm32f1xx_hal.o
 .comment       0x000000000000007b       0x7c Drivers/STM32F1xx_HAL_Driver/Src/stm32f1xx_hal_cortex.o
 .comment       0x000000000000007b       0x7c Drivers/STM32F1xx_HAL_Driver/Src/stm32f1xx_hal_gpio.o
 .comment       0x000000000000007b       0x7c Drivers/STM32F1xx_HAL_Driver/Src/stm32f1xx_hal_rcc.o

.debug_frame    0x0000000000000000      0xdc8
 .debug_frame   0x0000000000000000       0x34 Core/Src/gpio.o
 .debug_frame   0x0000000000000034       0x94 Core/Src/main.o
 .debug_frame   0x00000000000000c8       0x38 Core/Src/stm32f1xx_hal_msp.o
 .debug_frame   0x0000000000000100      0x160 Core/Src/stm32f1xx_it.o
 .debug_frame   0x0000000000000260       0x58 Core/Src/system_stm32f1xx.o
 .debug_frame   0x00000000000002b8      0x334 Drivers/STM32F1xx_HAL_Driver/Src/stm32f1xx_hal.o
 .debug_frame   0x00000000000005ec      0x428 Drivers/STM32F1xx_HAL_Driver/Src/stm32f1xx_hal_cortex.o
 .debug_frame   0x0000000000000a14      0x14c Drivers/STM32F1xx_HAL_Driver/Src/stm32f1xx_hal_gpio.o
 .debug_frame   0x0000000000000b60      0x21c Drivers/STM32F1xx_HAL_Driver/Src/stm32f1xx_hal_rcc.o
 .debug_frame   0x0000000000000d7c       0x2c c:/st/stm32cubeide_1.1.0/stm32cubeide/plugins/com.st.stm32cube.ide.mcu.externaltools.gnu-tools-for-stm32.7-2018-q2-update.win32_1.0.0.201904181610/tools/bin/../lib/gcc/arm-none-eabi/7.3.1/../../../../arm-none-eabi/lib/thumb/v7-m\libc_nano.a(lib_a-init.o)
 .debug_frame   0x0000000000000da8       0x20 c:/st/stm32cubeide_1.1.0/stm32cubeide/plugins/com.st.stm32cube.ide.mcu.externaltools.gnu-tools-for-stm32.7-2018-q2-update.win32_1.0.0.201904181610/tools/bin/../lib/gcc/arm-none-eabi/7.3.1/../../../../arm-none-eabi/lib/thumb/v7-m\libc_nano.a(lib_a-memset.o)
